------------------------------------------------------------
Timing Analyzer Summary
------------------------------------------------------------

Type  : Slow 1100mV 85C Model Setup 'clk'
Slack : -9.851
TNS   : -7744.830

Type  : Slow 1100mV 85C Model Setup 'clk_mem'
Slack : -8.546
TNS   : -727.908

Type  : Slow 1100mV 85C Model Hold 'clk'
Slack : 0.236
TNS   : 0.000

Type  : Slow 1100mV 85C Model Hold 'clk_mem'
Slack : 0.959
TNS   : 0.000

Type  : Slow 1100mV 85C Model Minimum Pulse Width 'clk'
Slack : -2.174
TNS   : -1001.072

Type  : Slow 1100mV 85C Model Minimum Pulse Width 'clk_mem'
Slack : -2.174
TNS   : -446.930

Type  : Slow 1100mV 0C Model Setup 'clk'
Slack : -9.821
TNS   : -7645.636

Type  : Slow 1100mV 0C Model Setup 'clk_mem'
Slack : -8.398
TNS   : -710.989

Type  : Slow 1100mV 0C Model Hold 'clk'
Slack : 0.223
TNS   : 0.000

Type  : Slow 1100mV 0C Model Hold 'clk_mem'
Slack : 0.835
TNS   : 0.000

Type  : Slow 1100mV 0C Model Minimum Pulse Width 'clk'
Slack : -2.174
TNS   : -1046.824

Type  : Slow 1100mV 0C Model Minimum Pulse Width 'clk_mem'
Slack : -2.174
TNS   : -446.580

Type  : Fast 1100mV 85C Model Setup 'clk'
Slack : -5.436
TNS   : -4494.064

Type  : Fast 1100mV 85C Model Setup 'clk_mem'
Slack : -4.892
TNS   : -408.442

Type  : Fast 1100mV 85C Model Hold 'clk'
Slack : 0.142
TNS   : 0.000

Type  : Fast 1100mV 85C Model Hold 'clk_mem'
Slack : 0.508
TNS   : 0.000

Type  : Fast 1100mV 85C Model Minimum Pulse Width 'clk'
Slack : -2.174
TNS   : -524.483

Type  : Fast 1100mV 85C Model Minimum Pulse Width 'clk_mem'
Slack : -2.174
TNS   : -444.442

Type  : Fast 1100mV 0C Model Setup 'clk'
Slack : -4.912
TNS   : -3985.196

Type  : Fast 1100mV 0C Model Setup 'clk_mem'
Slack : -4.240
TNS   : -355.182

Type  : Fast 1100mV 0C Model Hold 'clk'
Slack : 0.129
TNS   : 0.000

Type  : Fast 1100mV 0C Model Hold 'clk_mem'
Slack : 0.372
TNS   : 0.000

Type  : Fast 1100mV 0C Model Minimum Pulse Width 'clk'
Slack : -2.174
TNS   : -524.596

Type  : Fast 1100mV 0C Model Minimum Pulse Width 'clk_mem'
Slack : -2.174
TNS   : -444.574

------------------------------------------------------------
