------------------------------------------------------------
Timing Analyzer Summary
------------------------------------------------------------

Type  : Slow 1100mV 85C Model Setup 'clk'
Slack : -10.234
TNS   : -7751.551

Type  : Slow 1100mV 85C Model Setup 'clk_mem'
Slack : -8.046
TNS   : -680.902

Type  : Slow 1100mV 85C Model Hold 'clk'
Slack : 0.232
TNS   : 0.000

Type  : Slow 1100mV 85C Model Hold 'clk_mem'
Slack : 0.921
TNS   : 0.000

Type  : Slow 1100mV 85C Model Minimum Pulse Width 'clk'
Slack : -2.174
TNS   : -1001.045

Type  : Slow 1100mV 85C Model Minimum Pulse Width 'clk_mem'
Slack : -2.174
TNS   : -446.930

Type  : Slow 1100mV 0C Model Setup 'clk'
Slack : -10.177
TNS   : -7647.929

Type  : Slow 1100mV 0C Model Setup 'clk_mem'
Slack : -7.882
TNS   : -667.972

Type  : Slow 1100mV 0C Model Hold 'clk'
Slack : 0.215
TNS   : 0.000

Type  : Slow 1100mV 0C Model Hold 'clk_mem'
Slack : 0.747
TNS   : 0.000

Type  : Slow 1100mV 0C Model Minimum Pulse Width 'clk'
Slack : -2.174
TNS   : -1047.191

Type  : Slow 1100mV 0C Model Minimum Pulse Width 'clk_mem'
Slack : -2.174
TNS   : -446.664

Type  : Fast 1100mV 85C Model Setup 'clk'
Slack : -5.993
TNS   : -4405.164

Type  : Fast 1100mV 85C Model Setup 'clk_mem'
Slack : -4.621
TNS   : -374.703

Type  : Fast 1100mV 85C Model Hold 'clk'
Slack : 0.137
TNS   : 0.000

Type  : Fast 1100mV 85C Model Hold 'clk_mem'
Slack : 0.512
TNS   : 0.000

Type  : Fast 1100mV 85C Model Minimum Pulse Width 'clk'
Slack : -2.174
TNS   : -524.480

Type  : Fast 1100mV 85C Model Minimum Pulse Width 'clk_mem'
Slack : -2.174
TNS   : -444.502

Type  : Fast 1100mV 0C Model Setup 'clk'
Slack : -5.319
TNS   : -3904.462

Type  : Fast 1100mV 0C Model Setup 'clk_mem'
Slack : -4.038
TNS   : -325.479

Type  : Fast 1100mV 0C Model Hold 'clk'
Slack : 0.124
TNS   : 0.000

Type  : Fast 1100mV 0C Model Hold 'clk_mem'
Slack : 0.349
TNS   : 0.000

Type  : Fast 1100mV 0C Model Minimum Pulse Width 'clk'
Slack : -2.174
TNS   : -524.785

Type  : Fast 1100mV 0C Model Minimum Pulse Width 'clk_mem'
Slack : -2.174
TNS   : -444.532

------------------------------------------------------------
